// Jest Snapshot v1, https://goo.gl/fbAQLP

exports[`List List with items should render without crashing 1`] = `
<div>
  <ul
    class="list list--selected"
  >
    <li>
      <a
        class="list-item "
        href="/0"
      >
        <div
          class="list-item__info-wrapper"
        >
          <img
            alt="phone-icon"
            class="list-item__phone-icon"
            src="phone.svg"
          />
          <div
            class="list-item__text-wrapper"
          >
            iPhone 7
            <span
              class="list-item__text-subtitle"
            >
              Apple
            </span>
          </div>
          <div
            class="list-item__price"
          >
            769
            €
          </div>
        </div>
        <img
          alt="chevron-icon"
          class="list-item__chevron-icon"
          src="chevron.svg"
        />
      </a>
    </li>
    <li>
      <a
        class="list-item "
        href="/1"
      >
        <div
          class="list-item__info-wrapper"
        >
          <img
            alt="phone-icon"
            class="list-item__phone-icon"
            src="phone.svg"
          />
          <div
            class="list-item__text-wrapper"
          >
            Galaxy S7
            <span
              class="list-item__text-subtitle"
            >
              Samsung
            </span>
          </div>
          <div
            class="list-item__price"
          >
            209
            €
          </div>
        </div>
        <img
          alt="chevron-icon"
          class="list-item__chevron-icon"
          src="chevron.svg"
        />
      </a>
    </li>
    <li>
      <a
        class="list-item "
        href="/2"
      >
        <div
          class="list-item__info-wrapper"
        >
          <img
            alt="phone-icon"
            class="list-item__phone-icon"
            src="phone.svg"
          />
          <div
            class="list-item__text-wrapper"
          >
            Honor 10
            <span
              class="list-item__text-subtitle"
            >
              Huawei
            </span>
          </div>
          <div
            class="list-item__price"
          >
            399
            €
          </div>
        </div>
        <img
          alt="chevron-icon"
          class="list-item__chevron-icon"
          src="chevron.svg"
        />
      </a>
    </li>
    <li>
      <a
        class="list-item "
        href="/3"
      >
        <div
          class="list-item__info-wrapper"
        >
          <img
            alt="phone-icon"
            class="list-item__phone-icon"
            src="phone.svg"
          />
          <div
            class="list-item__text-wrapper"
          >
            P10 Lite
            <span
              class="list-item__text-subtitle"
            >
              Huawei
            </span>
          </div>
          <div
            class="list-item__price"
          >
            249
            €
          </div>
        </div>
        <img
          alt="chevron-icon"
          class="list-item__chevron-icon"
          src="chevron.svg"
        />
      </a>
    </li>
    <li>
      <a
        class="list-item "
        href="/4"
      >
        <div
          class="list-item__info-wrapper"
        >
          <img
            alt="phone-icon"
            class="list-item__phone-icon"
            src="phone.svg"
          />
          <div
            class="list-item__text-wrapper"
          >
            Nokia 7.1
            <span
              class="list-item__text-subtitle"
            >
              Nokia
            </span>
          </div>
          <div
            class="list-item__price"
          >
            275
            €
          </div>
        </div>
        <img
          alt="chevron-icon"
          class="list-item__chevron-icon"
          src="chevron.svg"
        />
      </a>
    </li>
    <li>
      <a
        class="list-item "
        href="/5"
      >
        <div
          class="list-item__info-wrapper"
        >
          <img
            alt="phone-icon"
            class="list-item__phone-icon"
            src="phone.svg"
          />
          <div
            class="list-item__text-wrapper"
          >
            Zen Phone 5
            <span
              class="list-item__text-subtitle"
            >
              Asus
            </span>
          </div>
          <div
            class="list-item__price"
          >
            359
            €
          </div>
        </div>
        <img
          alt="chevron-icon"
          class="list-item__chevron-icon"
          src="chevron.svg"
        />
      </a>
    </li>
    <li>
      <a
        class="list-item "
        href="/6"
      >
        <div
          class="list-item__info-wrapper"
        >
          <img
            alt="phone-icon"
            class="list-item__phone-icon"
            src="phone.svg"
          />
          <div
            class="list-item__text-wrapper"
          >
            MI A2
            <span
              class="list-item__text-subtitle"
            >
              Xiaomi
            </span>
          </div>
          <div
            class="list-item__price"
          >
            179
            €
          </div>
        </div>
        <img
          alt="chevron-icon"
          class="list-item__chevron-icon"
          src="chevron.svg"
        />
      </a>
    </li>
    <li>
      <a
        class="list-item "
        href="/7"
      >
        <div
          class="list-item__info-wrapper"
        >
          <img
            alt="phone-icon"
            class="list-item__phone-icon"
            src="phone.svg"
          />
          <div
            class="list-item__text-wrapper"
          >
            Moto G6
            <span
              class="list-item__text-subtitle"
            >
              Motorola
            </span>
          </div>
          <div
            class="list-item__price"
          >
            199
            €
          </div>
        </div>
        <img
          alt="chevron-icon"
          class="list-item__chevron-icon"
          src="chevron.svg"
        />
      </a>
    </li>
  </ul>
</div>
`;

exports[`List List without items should render without crashing 1`] = `
<div>
  <ul
    class="list list--selected"
  />
</div>
`;
